[0.023s] Invoking command in '/home/autonav/KAIST_Mobility_Challenge_SDK/examples/Driver_ROS2/build/kmc_hardware_driver_node': CMAKE_PREFIX_PATH=/opt/ros/foxy /usr/bin/cmake --build /home/autonav/KAIST_Mobility_Challenge_SDK/examples/Driver_ROS2/build/kmc_hardware_driver_node -- -j4 -l4
[0.105s] -- Found ament_cmake: 0.9.12 (/opt/ros/foxy/share/ament_cmake/cmake)
[0.164s] -- Using PYTHON_EXECUTABLE: /usr/bin/python3
[0.564s] -- Override CMake install command with custom implementation using symlinks instead of copying resources
[0.590s] -- Found rclcpp: 2.4.3 (/opt/ros/foxy/share/rclcpp/cmake)
[0.669s] -- Using all available rosidl_typesupport_c: rosidl_typesupport_fastrtps_c;rosidl_typesupport_introspection_c
[0.677s] -- Found rosidl_adapter: 1.3.1 (/opt/ros/foxy/share/rosidl_adapter/cmake)
[0.935s] -- Using all available rosidl_typesupport_cpp: rosidl_typesupport_fastrtps_cpp;rosidl_typesupport_introspection_cpp
[1.046s] -- Found rmw_implementation_cmake: 1.0.4 (/opt/ros/foxy/share/rmw_implementation_cmake/cmake)
[1.050s] -- Using RMW implementation 'rmw_fastrtps_cpp' as default
[1.349s] -- Found geometry_msgs: 2.0.5 (/opt/ros/foxy/share/geometry_msgs/cmake)
[1.577s] -- Configuring done
[1.638s] -- Generating done
[1.664s] -- Build files have been written to: /home/autonav/KAIST_Mobility_Challenge_SDK/examples/Driver_ROS2/build/kmc_hardware_driver_node
[1.745s] [ 28%] Built target KMC_HARDWARE_uart
[1.768s] [35m[1mScanning dependencies of target kmc_hardware_driver_demo_node_ver2[0m
[1.808s] [ 57%] Built target kmc_hardware_driver_observe_node
[1.809s] [ 57%] Built target kmc_hardware_driver_demo_node
[1.832s] [ 71%] Built target kmc_hardware_driver_read_allstate_node
[1.873s] [ 85%] Built target kmc_hardware_high_rate_control_node
[1.914s] [ 92%] [32mBuilding CXX object CMakeFiles/kmc_hardware_driver_demo_node_ver2.dir/src/driver_demo_node_ver2.cpp.o[0m
[14.749s] [100%] [32m[1mLinking CXX executable kmc_hardware_driver_demo_node_ver2[0m
[15.353s] [100%] Built target kmc_hardware_driver_demo_node_ver2
[15.379s] Invoked command in '/home/autonav/KAIST_Mobility_Challenge_SDK/examples/Driver_ROS2/build/kmc_hardware_driver_node' returned '0': CMAKE_PREFIX_PATH=/opt/ros/foxy /usr/bin/cmake --build /home/autonav/KAIST_Mobility_Challenge_SDK/examples/Driver_ROS2/build/kmc_hardware_driver_node -- -j4 -l4
[15.407s] Invoking command in '/home/autonav/KAIST_Mobility_Challenge_SDK/examples/Driver_ROS2/build/kmc_hardware_driver_node': CMAKE_PREFIX_PATH=/opt/ros/foxy /usr/bin/cmake --install /home/autonav/KAIST_Mobility_Challenge_SDK/examples/Driver_ROS2/build/kmc_hardware_driver_node
[15.425s] -- Install configuration: ""
[15.425s] -- Execute custom install script
[15.427s] -- Up-to-date symlink: /home/autonav/KAIST_Mobility_Challenge_SDK/examples/Driver_ROS2/install/kmc_hardware_driver_node/share/kmc_hardware_driver_node/web/index.html
[15.428s] -- Up-to-date symlink: /home/autonav/KAIST_Mobility_Challenge_SDK/examples/Driver_ROS2/install/kmc_hardware_driver_node/lib/kmc_hardware_driver_node/kmc_hardware_driver_demo_node
[15.429s] -- Symlinking: /home/autonav/KAIST_Mobility_Challenge_SDK/examples/Driver_ROS2/install/kmc_hardware_driver_node/lib/kmc_hardware_driver_node/kmc_hardware_driver_demo_node_ver2
[15.449s] -- Up-to-date symlink: /home/autonav/KAIST_Mobility_Challenge_SDK/examples/Driver_ROS2/install/kmc_hardware_driver_node/lib/kmc_hardware_driver_node/kmc_hardware_driver_observe_node
[15.449s] -- Up-to-date symlink: /home/autonav/KAIST_Mobility_Challenge_SDK/examples/Driver_ROS2/install/kmc_hardware_driver_node/lib/kmc_hardware_driver_node/kmc_hardware_driver_read_allstate_node
[15.450s] -- Up-to-date symlink: /home/autonav/KAIST_Mobility_Challenge_SDK/examples/Driver_ROS2/install/kmc_hardware_driver_node/lib/kmc_hardware_driver_node/kmc_hardware_high_rate_control_node
[15.450s] -- Up-to-date symlink: /home/autonav/KAIST_Mobility_Challenge_SDK/examples/Driver_ROS2/install/kmc_hardware_driver_node/share/ament_index/resource_index/package_run_dependencies/kmc_hardware_driver_node
[15.451s] -- Up-to-date symlink: /home/autonav/KAIST_Mobility_Challenge_SDK/examples/Driver_ROS2/install/kmc_hardware_driver_node/share/ament_index/resource_index/parent_prefix_path/kmc_hardware_driver_node
[15.452s] -- Up-to-date symlink: /home/autonav/KAIST_Mobility_Challenge_SDK/examples/Driver_ROS2/install/kmc_hardware_driver_node/share/kmc_hardware_driver_node/environment/ament_prefix_path.sh
[15.452s] -- Up-to-date symlink: /home/autonav/KAIST_Mobility_Challenge_SDK/examples/Driver_ROS2/install/kmc_hardware_driver_node/share/kmc_hardware_driver_node/environment/ament_prefix_path.dsv
[15.453s] -- Up-to-date symlink: /home/autonav/KAIST_Mobility_Challenge_SDK/examples/Driver_ROS2/install/kmc_hardware_driver_node/share/kmc_hardware_driver_node/environment/path.sh
[15.453s] -- Up-to-date symlink: /home/autonav/KAIST_Mobility_Challenge_SDK/examples/Driver_ROS2/install/kmc_hardware_driver_node/share/kmc_hardware_driver_node/environment/path.dsv
[15.454s] -- Up-to-date symlink: /home/autonav/KAIST_Mobility_Challenge_SDK/examples/Driver_ROS2/install/kmc_hardware_driver_node/share/kmc_hardware_driver_node/local_setup.bash
[15.454s] -- Up-to-date symlink: /home/autonav/KAIST_Mobility_Challenge_SDK/examples/Driver_ROS2/install/kmc_hardware_driver_node/share/kmc_hardware_driver_node/local_setup.sh
[15.455s] -- Up-to-date symlink: /home/autonav/KAIST_Mobility_Challenge_SDK/examples/Driver_ROS2/install/kmc_hardware_driver_node/share/kmc_hardware_driver_node/local_setup.zsh
[15.456s] -- Up-to-date symlink: /home/autonav/KAIST_Mobility_Challenge_SDK/examples/Driver_ROS2/install/kmc_hardware_driver_node/share/kmc_hardware_driver_node/local_setup.dsv
[15.456s] -- Symlinking: /home/autonav/KAIST_Mobility_Challenge_SDK/examples/Driver_ROS2/install/kmc_hardware_driver_node/share/kmc_hardware_driver_node/package.dsv
[15.475s] -- Up-to-date symlink: /home/autonav/KAIST_Mobility_Challenge_SDK/examples/Driver_ROS2/install/kmc_hardware_driver_node/share/ament_index/resource_index/packages/kmc_hardware_driver_node
[15.476s] -- Up-to-date symlink: /home/autonav/KAIST_Mobility_Challenge_SDK/examples/Driver_ROS2/install/kmc_hardware_driver_node/share/kmc_hardware_driver_node/cmake/kmc_hardware_driver_nodeConfig.cmake
[15.476s] -- Up-to-date symlink: /home/autonav/KAIST_Mobility_Challenge_SDK/examples/Driver_ROS2/install/kmc_hardware_driver_node/share/kmc_hardware_driver_node/cmake/kmc_hardware_driver_nodeConfig-version.cmake
[15.477s] -- Up-to-date symlink: /home/autonav/KAIST_Mobility_Challenge_SDK/examples/Driver_ROS2/install/kmc_hardware_driver_node/share/kmc_hardware_driver_node/package.xml
[15.477s] -- Up-to-date: /home/autonav/KAIST_Mobility_Challenge_SDK/examples/Driver_ROS2/install/kmc_hardware_driver_node/lib/kmc_hardware_driver_node/kmc_web_joystick_node
[15.483s] Invoked command in '/home/autonav/KAIST_Mobility_Challenge_SDK/examples/Driver_ROS2/build/kmc_hardware_driver_node' returned '0': CMAKE_PREFIX_PATH=/opt/ros/foxy /usr/bin/cmake --install /home/autonav/KAIST_Mobility_Challenge_SDK/examples/Driver_ROS2/build/kmc_hardware_driver_node
