[0.024s] Invoking command in '/home/autonav/KAIST_Mobility_Challenge_SDK/examples/Driver_ROS2/build/kmc_hardware_driver_node': CMAKE_PREFIX_PATH=/opt/ros/foxy /usr/bin/cmake --build /home/autonav/KAIST_Mobility_Challenge_SDK/examples/Driver_ROS2/build/kmc_hardware_driver_node -- -j4 -l4
[0.136s] [ 28%] Built target KMC_HARDWARE_uart
[0.197s] [ 42%] Built target kmc_hardware_driver_read_allstate_node
[0.199s] [ 57%] Built target kmc_hardware_driver_demo_node
[0.208s] [ 71%] Built target kmc_hardware_driver_demo_node_ver2
[0.209s] [ 85%] Built target kmc_hardware_driver_observe_node
[0.259s] [100%] Built target kmc_hardware_high_rate_control_node
[0.283s] Invoked command in '/home/autonav/KAIST_Mobility_Challenge_SDK/examples/Driver_ROS2/build/kmc_hardware_driver_node' returned '0': CMAKE_PREFIX_PATH=/opt/ros/foxy /usr/bin/cmake --build /home/autonav/KAIST_Mobility_Challenge_SDK/examples/Driver_ROS2/build/kmc_hardware_driver_node -- -j4 -l4
[0.314s] Invoking command in '/home/autonav/KAIST_Mobility_Challenge_SDK/examples/Driver_ROS2/build/kmc_hardware_driver_node': CMAKE_PREFIX_PATH=/opt/ros/foxy /usr/bin/cmake --install /home/autonav/KAIST_Mobility_Challenge_SDK/examples/Driver_ROS2/build/kmc_hardware_driver_node
[0.332s] -- Install configuration: ""
[0.332s] -- Execute custom install script
[0.333s] -- Up-to-date symlink: /home/autonav/KAIST_Mobility_Challenge_SDK/examples/Driver_ROS2/install/kmc_hardware_driver_node/share/kmc_hardware_driver_node/web/index.html
[0.334s] -- Up-to-date symlink: /home/autonav/KAIST_Mobility_Challenge_SDK/examples/Driver_ROS2/install/kmc_hardware_driver_node/lib/kmc_hardware_driver_node/kmc_hardware_driver_demo_node
[0.335s] -- Up-to-date symlink: /home/autonav/KAIST_Mobility_Challenge_SDK/examples/Driver_ROS2/install/kmc_hardware_driver_node/lib/kmc_hardware_driver_node/kmc_hardware_driver_demo_node_ver2
[0.336s] -- Up-to-date symlink: /home/autonav/KAIST_Mobility_Challenge_SDK/examples/Driver_ROS2/install/kmc_hardware_driver_node/lib/kmc_hardware_driver_node/kmc_hardware_driver_observe_node
[0.336s] -- Up-to-date symlink: /home/autonav/KAIST_Mobility_Challenge_SDK/examples/Driver_ROS2/install/kmc_hardware_driver_node/lib/kmc_hardware_driver_node/kmc_hardware_driver_read_allstate_node
[0.337s] -- Up-to-date symlink: /home/autonav/KAIST_Mobility_Challenge_SDK/examples/Driver_ROS2/install/kmc_hardware_driver_node/lib/kmc_hardware_driver_node/kmc_hardware_high_rate_control_node
[0.337s] -- Up-to-date symlink: /home/autonav/KAIST_Mobility_Challenge_SDK/examples/Driver_ROS2/install/kmc_hardware_driver_node/share/ament_index/resource_index/package_run_dependencies/kmc_hardware_driver_node
[0.338s] -- Up-to-date symlink: /home/autonav/KAIST_Mobility_Challenge_SDK/examples/Driver_ROS2/install/kmc_hardware_driver_node/share/ament_index/resource_index/parent_prefix_path/kmc_hardware_driver_node
[0.338s] -- Up-to-date symlink: /home/autonav/KAIST_Mobility_Challenge_SDK/examples/Driver_ROS2/install/kmc_hardware_driver_node/share/kmc_hardware_driver_node/environment/ament_prefix_path.sh
[0.339s] -- Up-to-date symlink: /home/autonav/KAIST_Mobility_Challenge_SDK/examples/Driver_ROS2/install/kmc_hardware_driver_node/share/kmc_hardware_driver_node/environment/ament_prefix_path.dsv
[0.340s] -- Up-to-date symlink: /home/autonav/KAIST_Mobility_Challenge_SDK/examples/Driver_ROS2/install/kmc_hardware_driver_node/share/kmc_hardware_driver_node/environment/path.sh
[0.340s] -- Up-to-date symlink: /home/autonav/KAIST_Mobility_Challenge_SDK/examples/Driver_ROS2/install/kmc_hardware_driver_node/share/kmc_hardware_driver_node/environment/path.dsv
[0.341s] -- Up-to-date symlink: /home/autonav/KAIST_Mobility_Challenge_SDK/examples/Driver_ROS2/install/kmc_hardware_driver_node/share/kmc_hardware_driver_node/local_setup.bash
[0.341s] -- Up-to-date symlink: /home/autonav/KAIST_Mobility_Challenge_SDK/examples/Driver_ROS2/install/kmc_hardware_driver_node/share/kmc_hardware_driver_node/local_setup.sh
[0.342s] -- Up-to-date symlink: /home/autonav/KAIST_Mobility_Challenge_SDK/examples/Driver_ROS2/install/kmc_hardware_driver_node/share/kmc_hardware_driver_node/local_setup.zsh
[0.343s] -- Up-to-date symlink: /home/autonav/KAIST_Mobility_Challenge_SDK/examples/Driver_ROS2/install/kmc_hardware_driver_node/share/kmc_hardware_driver_node/local_setup.dsv
[0.343s] -- Symlinking: /home/autonav/KAIST_Mobility_Challenge_SDK/examples/Driver_ROS2/install/kmc_hardware_driver_node/share/kmc_hardware_driver_node/package.dsv
[0.362s] -- Up-to-date symlink: /home/autonav/KAIST_Mobility_Challenge_SDK/examples/Driver_ROS2/install/kmc_hardware_driver_node/share/ament_index/resource_index/packages/kmc_hardware_driver_node
[0.362s] -- Up-to-date symlink: /home/autonav/KAIST_Mobility_Challenge_SDK/examples/Driver_ROS2/install/kmc_hardware_driver_node/share/kmc_hardware_driver_node/cmake/kmc_hardware_driver_nodeConfig.cmake
[0.362s] -- Up-to-date symlink: /home/autonav/KAIST_Mobility_Challenge_SDK/examples/Driver_ROS2/install/kmc_hardware_driver_node/share/kmc_hardware_driver_node/cmake/kmc_hardware_driver_nodeConfig-version.cmake
[0.363s] -- Up-to-date symlink: /home/autonav/KAIST_Mobility_Challenge_SDK/examples/Driver_ROS2/install/kmc_hardware_driver_node/share/kmc_hardware_driver_node/package.xml
[0.363s] -- Up-to-date: /home/autonav/KAIST_Mobility_Challenge_SDK/examples/Driver_ROS2/install/kmc_hardware_driver_node/lib/kmc_hardware_driver_node/kmc_web_joystick_node
[0.369s] Invoked command in '/home/autonav/KAIST_Mobility_Challenge_SDK/examples/Driver_ROS2/build/kmc_hardware_driver_node' returned '0': CMAKE_PREFIX_PATH=/opt/ros/foxy /usr/bin/cmake --install /home/autonav/KAIST_Mobility_Challenge_SDK/examples/Driver_ROS2/build/kmc_hardware_driver_node
