Performing C++ SOURCE FILE Test CMAKE_HAVE_LIBC_PTHREAD failed with the following output:
Change Dir: /home/autonav/KAIST_Mobility_Challenge_SDK/build_cmake/CMakeFiles/CMakeTmp

Run Build Command(s):/usr/bin/make cmTC_556cf/fast && /usr/bin/make -f CMakeFiles/cmTC_556cf.dir/build.make CMakeFiles/cmTC_556cf.dir/build
make[1]: Entering directory '/home/autonav/KAIST_Mobility_Challenge_SDK/build_cmake/CMakeFiles/CMakeTmp'
Building CXX object CMakeFiles/cmTC_556cf.dir/src.cxx.o
/usr/bin/c++    -DCMAKE_HAVE_LIBC_PTHREAD   -o CMakeFiles/cmTC_556cf.dir/src.cxx.o -c /home/autonav/KAIST_Mobility_Challenge_SDK/build_cmake/CMakeFiles/CMakeTmp/src.cxx
Linking CXX executable cmTC_556cf
/usr/bin/cmake -E cmake_link_script CMakeFiles/cmTC_556cf.dir/link.txt --verbose=1
/usr/bin/c++   -DCMAKE_HAVE_LIBC_PTHREAD    CMakeFiles/cmTC_556cf.dir/src.cxx.o  -o cmTC_556cf 
/usr/bin/ld: CMakeFiles/cmTC_556cf.dir/src.cxx.o: in function `main':
src.cxx:(.text+0x48): undefined reference to `pthread_create'
/usr/bin/ld: src.cxx:(.text+0x50): undefined reference to `pthread_detach'
/usr/bin/ld: src.cxx:(.text+0x5c): undefined reference to `pthread_join'
collect2: error: ld returned 1 exit status
make[1]: *** [CMakeFiles/cmTC_556cf.dir/build.make:87: cmTC_556cf] Error 1
make[1]: Leaving directory '/home/autonav/KAIST_Mobility_Challenge_SDK/build_cmake/CMakeFiles/CMakeTmp'
make: *** [Makefile:121: cmTC_556cf/fast] Error 2


Source file was:
#include <pthread.h>

void* test_func(void* data)
{
  return data;
}

int main(void)
{
  pthread_t thread;
  pthread_create(&thread, NULL, test_func, NULL);
  pthread_detach(thread);
  pthread_join(thread, NULL);
  pthread_atfork(NULL, NULL, NULL);
  pthread_exit(NULL);

  return 0;
}

Determining if the function pthread_create exists in the pthreads failed with the following output:
Change Dir: /home/autonav/KAIST_Mobility_Challenge_SDK/build_cmake/CMakeFiles/CMakeTmp

Run Build Command(s):/usr/bin/make cmTC_c48b9/fast && /usr/bin/make -f CMakeFiles/cmTC_c48b9.dir/build.make CMakeFiles/cmTC_c48b9.dir/build
make[1]: Entering directory '/home/autonav/KAIST_Mobility_Challenge_SDK/build_cmake/CMakeFiles/CMakeTmp'
Building CXX object CMakeFiles/cmTC_c48b9.dir/CheckFunctionExists.cxx.o
/usr/bin/c++    -DCHECK_FUNCTION_EXISTS=pthread_create   -o CMakeFiles/cmTC_c48b9.dir/CheckFunctionExists.cxx.o -c /home/autonav/KAIST_Mobility_Challenge_SDK/build_cmake/CMakeFiles/CheckLibraryExists/CheckFunctionExists.cxx
Linking CXX executable cmTC_c48b9
/usr/bin/cmake -E cmake_link_script CMakeFiles/cmTC_c48b9.dir/link.txt --verbose=1
/usr/bin/c++   -DCHECK_FUNCTION_EXISTS=pthread_create    CMakeFiles/cmTC_c48b9.dir/CheckFunctionExists.cxx.o  -o cmTC_c48b9  -lpthreads 
/usr/bin/ld: cannot find -lpthreads
collect2: error: ld returned 1 exit status
make[1]: *** [CMakeFiles/cmTC_c48b9.dir/build.make:87: cmTC_c48b9] Error 1
make[1]: Leaving directory '/home/autonav/KAIST_Mobility_Challenge_SDK/build_cmake/CMakeFiles/CMakeTmp'
make: *** [Makefile:121: cmTC_c48b9/fast] Error 2



