[0.038s] Invoking command in '/home/autonav/KAIST_Mobility_Challenge_SDK/examples/Driver_ROS2/build/kmc_hardware_driver_node': CMAKE_PREFIX_PATH=/opt/ros/foxy /usr/bin/cmake --build /home/autonav/KAIST_Mobility_Challenge_SDK/examples/Driver_ROS2/build/kmc_hardware_driver_node -- -j4 -l4
[0.310s] [ 85%] Built target KMC_HARDWARE_uart
[0.465s] Built target kmc_hardware_driver_observe_node
[0.466s] Built target kmc_hardware_driver_demo_node_ver2
[0.480s] Built target kmc_hardware_driver_demo_node
[0.530s] Built target kmc_hardware_driver_read_allstate_node
[0.574s] [ 14%] Built target kmc_hardware_high_rate_control_node
[0.647s] Invoked command in '/home/autonav/KAIST_Mobility_Challenge_SDK/examples/Driver_ROS2/build/kmc_hardware_driver_node' returned '0': CMAKE_PREFIX_PATH=/opt/ros/foxy /usr/bin/cmake --build /home/autonav/KAIST_Mobility_Challenge_SDK/examples/Driver_ROS2/build/kmc_hardware_driver_node -- -j4 -l4
[0.754s] Invoking command in '/home/autonav/KAIST_Mobility_Challenge_SDK/examples/Driver_ROS2/build/kmc_hardware_driver_node': CMAKE_PREFIX_PATH=/opt/ros/foxy /usr/bin/cmake --install /home/autonav/KAIST_Mobility_Challenge_SDK/examples/Driver_ROS2/build/kmc_hardware_driver_node
[0.786s] -- Install configuration: ""
[0.790s] -- Execute custom install script
[0.791s] -- Up-to-date symlink: /home/autonav/KAIST_Mobility_Challenge_SDK/examples/Driver_ROS2/install/kmc_hardware_driver_node/share/kmc_hardware_driver_node/web/index.html
[0.793s] -- Up-to-date symlink: /home/autonav/KAIST_Mobility_Challenge_SDK/examples/Driver_ROS2/install/kmc_hardware_driver_node/lib/kmc_hardware_driver_node/kmc_hardware_driver_demo_node
[0.797s] -- Up-to-date symlink: /home/autonav/KAIST_Mobility_Challenge_SDK/examples/Driver_ROS2/install/kmc_hardware_driver_node/lib/kmc_hardware_driver_node/kmc_hardware_driver_demo_node_ver2
[0.798s] -- Up-to-date symlink: /home/autonav/KAIST_Mobility_Challenge_SDK/examples/Driver_ROS2/install/kmc_hardware_driver_node/lib/kmc_hardware_driver_node/kmc_hardware_driver_observe_node
[0.803s] -- Up-to-date symlink: /home/autonav/KAIST_Mobility_Challenge_SDK/examples/Driver_ROS2/install/kmc_hardware_driver_node/lib/kmc_hardware_driver_node/kmc_hardware_driver_read_allstate_node
[0.805s] -- Up-to-date symlink: /home/autonav/KAIST_Mobility_Challenge_SDK/examples/Driver_ROS2/install/kmc_hardware_driver_node/lib/kmc_hardware_driver_node/kmc_hardware_high_rate_control_node
[0.810s] -- Up-to-date symlink: /home/autonav/KAIST_Mobility_Challenge_SDK/examples/Driver_ROS2/install/kmc_hardware_driver_node/share/ament_index/resource_index/package_run_dependencies/kmc_hardware_driver_node
[0.814s] -- Up-to-date symlink: /home/autonav/KAIST_Mobility_Challenge_SDK/examples/Driver_ROS2/install/kmc_hardware_driver_node/share/ament_index/resource_index/parent_prefix_path/kmc_hardware_driver_node
[0.815s] -- Up-to-date symlink: /home/autonav/KAIST_Mobility_Challenge_SDK/examples/Driver_ROS2/install/kmc_hardware_driver_node/share/kmc_hardware_driver_node/environment/ament_prefix_path.sh
[0.815s] -- Up-to-date symlink: /home/autonav/KAIST_Mobility_Challenge_SDK/examples/Driver_ROS2/install/kmc_hardware_driver_node/share/kmc_hardware_driver_node/environment/ament_prefix_path.dsv
[0.825s] -- Up-to-date symlink: /home/autonav/KAIST_Mobility_Challenge_SDK/examples/Driver_ROS2/install/kmc_hardware_driver_node/share/kmc_hardware_driver_node/environment/path.sh
[0.825s] -- Up-to-date symlink: /home/autonav/KAIST_Mobility_Challenge_SDK/examples/Driver_ROS2/install/kmc_hardware_driver_node/share/kmc_hardware_driver_node/environment/path.dsv
[0.826s] -- Up-to-date symlink: /home/autonav/KAIST_Mobility_Challenge_SDK/examples/Driver_ROS2/install/kmc_hardware_driver_node/share/kmc_hardware_driver_node/local_setup.bash
[0.826s] -- Up-to-date symlink: /home/autonav/KAIST_Mobility_Challenge_SDK/examples/Driver_ROS2/install/kmc_hardware_driver_node/share/kmc_hardware_driver_node/local_setup.sh
[0.827s] -- Up-to-date symlink: /home/autonav/KAIST_Mobility_Challenge_SDK/examples/Driver_ROS2/install/kmc_hardware_driver_node/share/kmc_hardware_driver_node/local_setup.zsh
[0.827s] -- Up-to-date symlink: /home/autonav/KAIST_Mobility_Challenge_SDK/examples/Driver_ROS2/install/kmc_hardware_driver_node/share/kmc_hardware_driver_node/local_setup.dsv
[0.828s] -- Symlinking: /home/autonav/KAIST_Mobility_Challenge_SDK/examples/Driver_ROS2/install/kmc_hardware_driver_node/share/kmc_hardware_driver_node/package.dsv
[0.886s] -- Up-to-date symlink: /home/autonav/KAIST_Mobility_Challenge_SDK/examples/Driver_ROS2/install/kmc_hardware_driver_node/share/ament_index/resource_index/packages/kmc_hardware_driver_node
[0.886s] -- Up-to-date symlink: /home/autonav/KAIST_Mobility_Challenge_SDK/examples/Driver_ROS2/install/kmc_hardware_driver_node/share/kmc_hardware_driver_node/cmake/kmc_hardware_driver_nodeConfig.cmake
[0.887s] -- Up-to-date symlink: /home/autonav/KAIST_Mobility_Challenge_SDK/examples/Driver_ROS2/install/kmc_hardware_driver_node/share/kmc_hardware_driver_node/cmake/kmc_hardware_driver_nodeConfig-version.cmake
[0.887s] -- Up-to-date symlink: /home/autonav/KAIST_Mobility_Challenge_SDK/examples/Driver_ROS2/install/kmc_hardware_driver_node/share/kmc_hardware_driver_node/package.xml
[0.887s] -- Up-to-date: /home/autonav/KAIST_Mobility_Challenge_SDK/examples/Driver_ROS2/install/kmc_hardware_driver_node/lib/kmc_hardware_driver_node/kmc_web_joystick_node
[0.897s] Invoked command in '/home/autonav/KAIST_Mobility_Challenge_SDK/examples/Driver_ROS2/build/kmc_hardware_driver_node' returned '0': CMAKE_PREFIX_PATH=/opt/ros/foxy /usr/bin/cmake --install /home/autonav/KAIST_Mobility_Challenge_SDK/examples/Driver_ROS2/build/kmc_hardware_driver_node
